// Jest Snapshot v1, https://goo.gl/fbAQLP

exports[`RenderPosts renders the page unchanged 1`] = `
<div>
  <div
    class="container"
  >
    <div
      class="flexWraper"
    >
      <div
        class="mainContent"
      >
        <div
          style="display: flex; justify-content: center;"
        >
          <span
            style="box-sizing: border-box; display: inline-block; overflow: hidden; background: none; opacity: 1; border: 0px; margin: 0px; padding: 0px; position: relative; max-width: 100%;"
          >
            <span
              style="box-sizing: border-box; display: block; background: none; opacity: 1; border: 0px; margin: 0px; padding: 0px; max-width: 100%;"
            >
              <img
                alt=""
                aria-hidden="true"
                src="data:image/svg+xml,%3csvg%20xmlns=%27http://www.w3.org/2000/svg%27%20version=%271.1%27%20width=%27300%27%20height=%27200%27/%3e"
                style="display: block; max-width: 100%; background: none; opacity: 1; border: 0px; margin: 0px; padding: 0px;"
              />
            </span>
            <img
              alt=""
              data-nimg="intrinsic"
              decoding="async"
              src="data:image/gif;base64,R0lGODlhAQABAIAAAAAAAP///yH5BAEAAAAALAAAAAABAAEAAAIBRAA7"
              style="position: absolute; top: 0px; left: 0px; bottom: 0px; right: 0px; box-sizing: border-box; padding: 0px; margin: auto; display: block; width: 0px; height: 0px; min-width: 100%; max-width: 100%; min-height: 100%; max-height: 100%; object-fit: contain;"
            />
            <noscript />
          </span>
        </div>
        <div
          class="mainGallery"
        >
          <div
            class="post"
          >
            <div
              class="twoColums"
            >
              <div
                class="postDate"
              >
                📅  
                2021-11-06
              </div>
              <div
                class="postLike"
              >
                <div
                  class="postLikeCount"
                >
                  <svg
                    height="20"
                    viewBox="0 0 512 512"
                    width="20"
                    xmlns="http://www.w3.org/2000/svg"
                  >
                    <path
                      d="M380.63,32.196C302.639,33.698,264.47,88.893,256,139.075c-8.47-50.182-46.638-105.378-124.63-106.879 C59.462,30.814,0,86.128,0,187.076c0,129.588,146.582,189.45,246.817,286.25c3.489,3.371,2.668,3.284,2.668,3.284 c1.647,2.031,4.014,3.208,6.504,3.208v0.011c0,0,0.006,0,0.011,0c0,0,0.006,0,0.011,0v-0.011c2.489,0,4.856-1.177,6.503-3.208 c0,0-0.821,0.086,2.669-3.284C365.418,376.526,512,316.664,512,187.076C512,86.128,452.538,30.814,380.63,32.196z"
                      fill="rgb(223, 86, 86)"
                    />
                  </svg>
                  <span>
                    0
                     
                  </span>
                </div>
              </div>
            </div>
            <div
              class="blue"
            >
              <a
                class="linkButton"
                href="/blog/category/Learning"
              >
                Learning
              </a>
            </div>
            <h3
              class="postTitle"
            >
              <a
                href="/blog/ihatov"
              >
                あのイーハトーヴォのすきとおった風
              </a>
            </h3>
            <div
              class="thumbnail"
            >
              <img
                alt="thumbnail"
                height="160"
                href="/blog/ihatov"
                src="/notion_images/ed0090ef-628c-4cfd-a8ea-1a5326855f8a.png"
                width="300"
              />
            </div>
            <div
              class="postTags"
            >
              <a
                href="/blog/tag/Diary"
              >
                Diary
              </a>
            </div>
            <div
              class="postExcerpt"
            >
              <p>
                あのイーハトーヴォのすきとおった風、夏でも底に冷たさをもつ青いそら、うつくしい森で飾られたモリーオ市、郊外のぎらぎらひかる草の波。
              </p>
            </div>
          </div>
          <div
            class="post"
          >
            <div
              class="twoColums"
            >
              <div
                class="postDate"
              >
                📅  
                2021-11-03
              </div>
              <div
                class="postLike"
              >
                <div
                  class="postLikeCount"
                >
                  <svg
                    height="20"
                    viewBox="0 0 512 512"
                    width="20"
                    xmlns="http://www.w3.org/2000/svg"
                  >
                    <path
                      d="M380.63,32.196C302.639,33.698,264.47,88.893,256,139.075c-8.47-50.182-46.638-105.378-124.63-106.879 C59.462,30.814,0,86.128,0,187.076c0,129.588,146.582,189.45,246.817,286.25c3.489,3.371,2.668,3.284,2.668,3.284 c1.647,2.031,4.014,3.208,6.504,3.208v0.011c0,0,0.006,0,0.011,0c0,0,0.006,0,0.011,0v-0.011c2.489,0,4.856-1.177,6.503-3.208 c0,0-0.821,0.086,2.669-3.284C365.418,376.526,512,316.664,512,187.076C512,86.128,452.538,30.814,380.63,32.196z"
                      fill="rgb(223, 86, 86)"
                    />
                  </svg>
                  <span>
                    0
                     
                  </span>
                </div>
              </div>
            </div>
            <div
              class="blue"
            >
              <a
                class="linkButton"
                href="/blog/category/Learning"
              >
                Learning
              </a>
            </div>
            <h3
              class="postTitle"
            >
              <a
                href="/blog/supported-blocks"
              >
                Supported blocks
              </a>
            </h3>
            <div
              class="thumbnail"
            >
              <img
                alt="thumbnail"
                height="160"
                href="/blog/supported-blocks"
                src="/notion_images/ed0090ef-628c-4cfd-a8ea-1a5326855f8a.png"
                width="300"
              />
            </div>
            <div
              class="postTags"
            >
              <a
                href="/blog/tag/Diary"
              >
                Diary
              </a>
            </div>
            <div
              class="postExcerpt"
            >
              <p>
                Supported blocks in easy-notion-blog
              </p>
            </div>
          </div>
          <div
            class="post"
          >
            <div
              class="twoColums"
            >
              <div
                class="postDate"
              >
                📅  
                2021-11-01
              </div>
              <div
                class="postLike"
              >
                <div
                  class="postLikeCount"
                >
                  <svg
                    height="20"
                    viewBox="0 0 512 512"
                    width="20"
                    xmlns="http://www.w3.org/2000/svg"
                  >
                    <path
                      d="M380.63,32.196C302.639,33.698,264.47,88.893,256,139.075c-8.47-50.182-46.638-105.378-124.63-106.879 C59.462,30.814,0,86.128,0,187.076c0,129.588,146.582,189.45,246.817,286.25c3.489,3.371,2.668,3.284,2.668,3.284 c1.647,2.031,4.014,3.208,6.504,3.208v0.011c0,0,0.006,0,0.011,0c0,0,0.006,0,0.011,0v-0.011c2.489,0,4.856-1.177,6.503-3.208 c0,0-0.821,0.086,2.669-3.284C365.418,376.526,512,316.664,512,187.076C512,86.128,452.538,30.814,380.63,32.196z"
                      fill="rgb(223, 86, 86)"
                    />
                  </svg>
                  <span>
                    0
                     
                  </span>
                </div>
              </div>
            </div>
            <div
              class="blue"
            >
              <a
                class="linkButton"
                href="/blog/category/Learning"
              >
                Learning
              </a>
            </div>
            <h3
              class="postTitle"
            >
              <a
                href="/blog/my-first-post"
              >
                My 1st post
              </a>
            </h3>
            <div
              class="thumbnail"
            >
              <img
                alt="thumbnail"
                height="160"
                href="/blog/my-first-post"
                src="/notion_images/ed0090ef-628c-4cfd-a8ea-1a5326855f8a.png"
                width="300"
              />
            </div>
            <div
              class="postTags"
            >
              <a
                href="/blog/tag/Diary"
              >
                Diary
              </a>
            </div>
            <div
              class="postExcerpt"
            >
              <p>
                This is an excerpt.
              </p>
            </div>
          </div>
        </div>
        <footer>
          <div
            class="nextContainer"
          >
            <hr />
            <a
              class="nextPageLink"
              href="/blog/before/2021-11-01"
            >
              Next page ＞
            </a>
          </div>
        </footer>
      </div>
      <div
        class="subContent"
      >
        <div>
          <h3>
            新着記事を通知したい？？
          </h3>
          <hr />
          <p>
            RSSリーダーにatomのリンクを登録すると通知が行くよ🐌
          </p>
          <code>
            https://herohoro.com/atom
          </code>
          <p>
            やってみてね(*´ω\`*)(*´ω\`*)
          </p>
        </div>
        <div
          class="blogTagLink"
        >
          <h3>
            Category List
          </h3>
          <hr />
          <div
            class="noContents"
          >
            There are no contents yet
          </div>
        </div>
        <div
          class="blogTagLink"
        >
          <h3>
            Tag List
          </h3>
          <hr />
          <div>
            <div
              class="tagSub"
            >
              <p
                href="/blog/tag/Diary"
              >
                Diary
              </p>
            </div>
          </div>
        </div>
        <div
          class="blogPostLink"
        >
          <h3>
            Recommended
          </h3>
          <hr />
          <ul>
            <li>
              <a
                href="/blog/ihatov"
              >
                あのイーハトーヴォのすきとおった風
              </a>
              <span>
                 🤟 
                10
              </span>
            </li>
            <li>
              <a
                href="/blog/supported-blocks"
              >
                Supported blocks
              </a>
              <span>
                 🤟 
                10
              </span>
            </li>
            <li>
              <a
                href="/blog/my-first-post"
              >
                My 1st post
              </a>
              <span>
                 🤟 
                10
              </span>
            </li>
          </ul>
        </div>
        <div
          class="twitterTimeline"
        >
          <h3>
            Twitter Timeline
          </h3>
          <hr />
          <p>
            フォロー大歓迎＼(^o^)／
          </p>
          <a
            class="twitter-timeline"
            data-chrome="nofooter,transparent"
            data-height="500"
            data-lang="en"
            data-theme="light"
            data-width="500"
            href="https://twitter.com/mineral_30?ref_src=twsrc%5Etfw"
          >
            Tweets by mineral_30
          </a>
           
          <script
            async=""
            src="https://platform.twitter.com/widgets.js"
          />
        </div>
      </div>
    </div>
    <div
      class="endContent"
    >
      <div
        class="endSection"
      >
        <div
          class="blogPostLink"
        >
          <h3>
            Recommended
          </h3>
          <hr />
          <ul>
            <li>
              <a
                href="/blog/ihatov"
              >
                あのイーハトーヴォのすきとおった風
              </a>
              <span>
                 🤟 
                10
              </span>
            </li>
            <li>
              <a
                href="/blog/supported-blocks"
              >
                Supported blocks
              </a>
              <span>
                 🤟 
                10
              </span>
            </li>
            <li>
              <a
                href="/blog/my-first-post"
              >
                My 1st post
              </a>
              <span>
                 🤟 
                10
              </span>
            </li>
          </ul>
        </div>
      </div>
      <div
        class="endSection"
      >
        <div
          class="blogTagLink"
        >
          <h3>
            Category List
          </h3>
          <hr />
          <div
            class="noContents"
          >
            There are no contents yet
          </div>
        </div>
        <div
          class="twitterTimeline"
        >
          <h3>
            Twitter Timeline
          </h3>
          <hr />
          <p>
            フォロー大歓迎＼(^o^)／
          </p>
          <a
            class="twitter-timeline"
            data-chrome="nofooter,transparent"
            data-height="500"
            data-lang="en"
            data-theme="light"
            data-width="500"
            href="https://twitter.com/mineral_30?ref_src=twsrc%5Etfw"
          >
            Tweets by mineral_30
          </a>
           
          <script
            async=""
            src="https://platform.twitter.com/widgets.js"
          />
        </div>
      </div>
      <div
        class="endSection"
      >
        <div
          class="blogTagLink"
        >
          <h3>
            Tag List
          </h3>
          <hr />
          <div>
            <div
              class="tagSub"
            >
              <p
                href="/blog/tag/Diary"
              >
                Diary
              </p>
            </div>
          </div>
        </div>
      </div>
    </div>
  </div>
</div>
`;
